 用量统计                                   2026-06-25 - 2026-06-25 | 按 q 退出 
📅 2026-06-25 - 2026-06-25   [1] 最近一周  [2] 最近一个月  [3] 最近3个月  [4] 最近半年  [5] 今年 
📊 粒度:  [d] 按天  [w] 按周  [m] 按月 
╭──────────────────────╮╭──────────────────────╮
│ 💰 总花费 $5.00      ││ 📤 请求 200          │
╰──────────────────────╯╰──────────────────────╯
╭──────────────────────╮╭──────────────────────╮
│ ✅ 成功 190          ││ ❌ 失败 10           │
╰──────────────────────╯╰──────────────────────╯
╭──────────────────────╮╭──────────────────────╮
│ 📊 Tokens 140.0K     ││ 📈 均费 $0.0250      │
╰──────────────────────╯╰──────────────────────╯

▶ 2026-06-25   ██████████████████████████████████████████████████ $5.00

📅 2026-06-25 💰 $5.00 📤 200 ✅ 190 ❌ 10 📊 140.0K
1-5: 时间范围 | d/w/m: 粒度 | ↑↓: 选择日期 | esc: 返回 | ←/→: 切换 tab | q: 退出