 用量统计                 2026-06-25 - 2026-06-25 | 按 Tab 切换视图 | 按 q 退出 
╭──────────────────────╮╭──────────────────────╮
│ 💰 总花费 $5.00      ││ 📤 请求 200          │
╰──────────────────────╯╰──────────────────────╯
╭──────────────────────╮╭──────────────────────╮
│ ✅ 成功 190          ││ ❌ 失败 10           │
╰──────────────────────╯╰──────────────────────╯
╭──────────────────────╮╭──────────────────────╮
│ 📊 Tokens 140.0K     ││ 📈 均费 $0.0250      │
╰──────────────────────╯╰──────────────────────╯

▶ 2026-06-25   ██████████████████████████████████████████████████ $5.00

📅 2026-06-25 💰 $5.00 📤 200 ✅ 190 ❌ 10 📊 140.0K
  Tab: 切换视图  |  q: 退出